------------------------------------------------------------
TimeQuest Timing Analyzer Summary
------------------------------------------------------------

Type  : Slow 1200mV 85C Model Setup 'CLOCK_50'
Slack : -4.326
TNS   : -65.314

Type  : Slow 1200mV 85C Model Setup 'ClkDividerN:clk_divider|clkOut'
Slack : 0.102
TNS   : 0.000

Type  : Slow 1200mV 85C Model Hold 'ClkDividerN:clk_divider|clkOut'
Slack : 0.450
TNS   : 0.000

Type  : Slow 1200mV 85C Model Hold 'CLOCK_50'
Slack : 0.641
TNS   : 0.000

Type  : Slow 1200mV 85C Model Minimum Pulse Width 'CLOCK_50'
Slack : -3.000
TNS   : -44.120

Type  : Slow 1200mV 85C Model Minimum Pulse Width 'ClkDividerN:clk_divider|clkOut'
Slack : -1.285
TNS   : -5.140

Type  : Slow 1200mV 0C Model Setup 'CLOCK_50'
Slack : -3.915
TNS   : -55.524

Type  : Slow 1200mV 0C Model Setup 'ClkDividerN:clk_divider|clkOut'
Slack : 0.193
TNS   : 0.000

Type  : Slow 1200mV 0C Model Hold 'ClkDividerN:clk_divider|clkOut'
Slack : 0.415
TNS   : 0.000

Type  : Slow 1200mV 0C Model Hold 'CLOCK_50'
Slack : 0.586
TNS   : 0.000

Type  : Slow 1200mV 0C Model Minimum Pulse Width 'CLOCK_50'
Slack : -3.000
TNS   : -44.120

Type  : Slow 1200mV 0C Model Minimum Pulse Width 'ClkDividerN:clk_divider|clkOut'
Slack : -1.285
TNS   : -5.140

Type  : Fast 1200mV 0C Model Setup 'CLOCK_50'
Slack : -1.676
TNS   : -16.900

Type  : Fast 1200mV 0C Model Setup 'ClkDividerN:clk_divider|clkOut'
Slack : 0.558
TNS   : 0.000

Type  : Fast 1200mV 0C Model Hold 'ClkDividerN:clk_divider|clkOut'
Slack : 0.199
TNS   : 0.000

Type  : Fast 1200mV 0C Model Hold 'CLOCK_50'
Slack : 0.292
TNS   : 0.000

Type  : Fast 1200mV 0C Model Minimum Pulse Width 'CLOCK_50'
Slack : -3.000
TNS   : -36.984

Type  : Fast 1200mV 0C Model Minimum Pulse Width 'ClkDividerN:clk_divider|clkOut'
Slack : -1.000
TNS   : -4.000

------------------------------------------------------------
