------------------------------------------------------------
TimeQuest Timing Analyzer Summary
------------------------------------------------------------

Type  : Slow 1200mV 85C Model Setup 'CLOCK_50'
Slack : -6.863
TNS   : -2263.784

Type  : Slow 1200mV 85C Model Setup 'CheckPin:checkPin|SeqDetector:seqdetector|s_cs.NUM6'
Slack : -1.366
TNS   : -6.786

Type  : Slow 1200mV 85C Model Setup 'RegisterPin:regPin|SeqDetector:seq_detec|s_cs.NUM6'
Slack : -1.214
TNS   : -7.894

Type  : Slow 1200mV 85C Model Setup 'CheckPin:checkPin|SeqDetector:seqdetector|s_cs.NUM7'
Slack : -1.177
TNS   : -7.827

Type  : Slow 1200mV 85C Model Setup 'CheckPin:checkPin|SeqDetector:seqdetector|s_cs.NUM5'
Slack : -1.149
TNS   : -7.636

Type  : Slow 1200mV 85C Model Setup 'CheckPin:checkPin|SeqDetector:seqdetector|s_cs.NUM3'
Slack : -1.089
TNS   : -7.111

Type  : Slow 1200mV 85C Model Setup 'RegisterPin:regPin|SeqDetector:seq_detec|s_cs.NUM7'
Slack : -1.009
TNS   : -7.074

Type  : Slow 1200mV 85C Model Setup 'CheckPin:checkPin|SeqDetector:seqdetector|s_cs.NUM4'
Slack : -0.995
TNS   : -6.369

Type  : Slow 1200mV 85C Model Setup 'RegisterPin:regPin|SeqDetector:seq_detec|s_cs.NUM3'
Slack : -0.977
TNS   : -4.484

Type  : Slow 1200mV 85C Model Setup 'RegisterPin:regPin|SeqDetector:seq_detec|s_cs.NUM2'
Slack : -0.966
TNS   : -5.573

Type  : Slow 1200mV 85C Model Setup 'RegisterPin:regPin|SeqDetector:seq_detec|s_cs.NUM4'
Slack : -0.850
TNS   : -6.479

Type  : Slow 1200mV 85C Model Setup 'CheckPin:checkPin|SeqDetector:seqdetector|s_cs.NUM1'
Slack : -0.829
TNS   : -6.004

Type  : Slow 1200mV 85C Model Setup 'CheckPin:checkPin|SeqDetector:seqdetector|s_cs.NUM2'
Slack : -0.768
TNS   : -5.259

Type  : Slow 1200mV 85C Model Setup 'RegisterPin:regPin|SeqDetector:seq_detec|s_cs.NUM8'
Slack : -0.704
TNS   : -4.772

Type  : Slow 1200mV 85C Model Setup 'RegisterPin:regPin|SeqDetector:seq_detec|s_cs.NUM5'
Slack : -0.602
TNS   : -3.358

Type  : Slow 1200mV 85C Model Setup 'RegisterPin:regPin|SeqDetector:seq_detec|s_cs.NUM1'
Slack : -0.504
TNS   : -3.377

Type  : Slow 1200mV 85C Model Setup 'CheckPin:checkPin|SeqDetector:seqdetector|s_cs.NUM8'
Slack : -0.497
TNS   : -2.257

Type  : Slow 1200mV 85C Model Hold 'RegisterPin:regPin|SeqDetector:seq_detec|s_cs.NUM1'
Slack : -0.230
TNS   : -0.307

Type  : Slow 1200mV 85C Model Hold 'CheckPin:checkPin|SeqDetector:seqdetector|s_cs.NUM8'
Slack : -0.196
TNS   : -0.749

Type  : Slow 1200mV 85C Model Hold 'RegisterPin:regPin|SeqDetector:seq_detec|s_cs.NUM5'
Slack : 0.048
TNS   : 0.000

Type  : Slow 1200mV 85C Model Hold 'RegisterPin:regPin|SeqDetector:seq_detec|s_cs.NUM3'
Slack : 0.052
TNS   : 0.000

Type  : Slow 1200mV 85C Model Hold 'RegisterPin:regPin|SeqDetector:seq_detec|s_cs.NUM7'
Slack : 0.155
TNS   : 0.000

Type  : Slow 1200mV 85C Model Hold 'RegisterPin:regPin|SeqDetector:seq_detec|s_cs.NUM8'
Slack : 0.180
TNS   : 0.000

Type  : Slow 1200mV 85C Model Hold 'CheckPin:checkPin|SeqDetector:seqdetector|s_cs.NUM1'
Slack : 0.227
TNS   : 0.000

Type  : Slow 1200mV 85C Model Hold 'CheckPin:checkPin|SeqDetector:seqdetector|s_cs.NUM2'
Slack : 0.255
TNS   : 0.000

Type  : Slow 1200mV 85C Model Hold 'RegisterPin:regPin|SeqDetector:seq_detec|s_cs.NUM2'
Slack : 0.325
TNS   : 0.000

Type  : Slow 1200mV 85C Model Hold 'CheckPin:checkPin|SeqDetector:seqdetector|s_cs.NUM3'
Slack : 0.383
TNS   : 0.000

Type  : Slow 1200mV 85C Model Hold 'CLOCK_50'
Slack : 0.386
TNS   : 0.000

Type  : Slow 1200mV 85C Model Hold 'CheckPin:checkPin|SeqDetector:seqdetector|s_cs.NUM7'
Slack : 0.391
TNS   : 0.000

Type  : Slow 1200mV 85C Model Hold 'CheckPin:checkPin|SeqDetector:seqdetector|s_cs.NUM5'
Slack : 0.393
TNS   : 0.000

Type  : Slow 1200mV 85C Model Hold 'RegisterPin:regPin|SeqDetector:seq_detec|s_cs.NUM4'
Slack : 0.407
TNS   : 0.000

Type  : Slow 1200mV 85C Model Hold 'CheckPin:checkPin|SeqDetector:seqdetector|s_cs.NUM4'
Slack : 0.422
TNS   : 0.000

Type  : Slow 1200mV 85C Model Hold 'RegisterPin:regPin|SeqDetector:seq_detec|s_cs.NUM6'
Slack : 0.426
TNS   : 0.000

Type  : Slow 1200mV 85C Model Hold 'CheckPin:checkPin|SeqDetector:seqdetector|s_cs.NUM6'
Slack : 0.429
TNS   : 0.000

Type  : Slow 1200mV 85C Model Recovery 'CLOCK_50'
Slack : -2.011
TNS   : -4.022

Type  : Slow 1200mV 85C Model Removal 'CLOCK_50'
Slack : 2.085
TNS   : 0.000

Type  : Slow 1200mV 85C Model Minimum Pulse Width 'CLOCK_50'
Slack : -3.000
TNS   : -924.345

Type  : Slow 1200mV 85C Model Minimum Pulse Width 'RegisterPin:regPin|SeqDetector:seq_detec|s_cs.NUM1'
Slack : 0.355
TNS   : 0.000

Type  : Slow 1200mV 85C Model Minimum Pulse Width 'CheckPin:checkPin|SeqDetector:seqdetector|s_cs.NUM6'
Slack : 0.376
TNS   : 0.000

Type  : Slow 1200mV 85C Model Minimum Pulse Width 'RegisterPin:regPin|SeqDetector:seq_detec|s_cs.NUM5'
Slack : 0.378
TNS   : 0.000

Type  : Slow 1200mV 85C Model Minimum Pulse Width 'CheckPin:checkPin|SeqDetector:seqdetector|s_cs.NUM2'
Slack : 0.395
TNS   : 0.000

Type  : Slow 1200mV 85C Model Minimum Pulse Width 'RegisterPin:regPin|SeqDetector:seq_detec|s_cs.NUM3'
Slack : 0.401
TNS   : 0.000

Type  : Slow 1200mV 85C Model Minimum Pulse Width 'RegisterPin:regPin|SeqDetector:seq_detec|s_cs.NUM7'
Slack : 0.404
TNS   : 0.000

Type  : Slow 1200mV 85C Model Minimum Pulse Width 'RegisterPin:regPin|SeqDetector:seq_detec|s_cs.NUM8'
Slack : 0.405
TNS   : 0.000

Type  : Slow 1200mV 85C Model Minimum Pulse Width 'CheckPin:checkPin|SeqDetector:seqdetector|s_cs.NUM1'
Slack : 0.407
TNS   : 0.000

Type  : Slow 1200mV 85C Model Minimum Pulse Width 'CheckPin:checkPin|SeqDetector:seqdetector|s_cs.NUM7'
Slack : 0.408
TNS   : 0.000

Type  : Slow 1200mV 85C Model Minimum Pulse Width 'CheckPin:checkPin|SeqDetector:seqdetector|s_cs.NUM8'
Slack : 0.421
TNS   : 0.000

Type  : Slow 1200mV 85C Model Minimum Pulse Width 'RegisterPin:regPin|SeqDetector:seq_detec|s_cs.NUM2'
Slack : 0.421
TNS   : 0.000

Type  : Slow 1200mV 85C Model Minimum Pulse Width 'CheckPin:checkPin|SeqDetector:seqdetector|s_cs.NUM4'
Slack : 0.428
TNS   : 0.000

Type  : Slow 1200mV 85C Model Minimum Pulse Width 'CheckPin:checkPin|SeqDetector:seqdetector|s_cs.NUM5'
Slack : 0.428
TNS   : 0.000

Type  : Slow 1200mV 85C Model Minimum Pulse Width 'RegisterPin:regPin|SeqDetector:seq_detec|s_cs.NUM6'
Slack : 0.428
TNS   : 0.000

Type  : Slow 1200mV 85C Model Minimum Pulse Width 'RegisterPin:regPin|SeqDetector:seq_detec|s_cs.NUM4'
Slack : 0.468
TNS   : 0.000

Type  : Slow 1200mV 85C Model Minimum Pulse Width 'CheckPin:checkPin|SeqDetector:seqdetector|s_cs.NUM3'
Slack : 0.478
TNS   : 0.000

Type  : Slow 1200mV 0C Model Setup 'CLOCK_50'
Slack : -6.111
TNS   : -2010.960

Type  : Slow 1200mV 0C Model Setup 'CheckPin:checkPin|SeqDetector:seqdetector|s_cs.NUM6'
Slack : -1.306
TNS   : -6.613

Type  : Slow 1200mV 0C Model Setup 'RegisterPin:regPin|SeqDetector:seq_detec|s_cs.NUM6'
Slack : -1.223
TNS   : -8.135

Type  : Slow 1200mV 0C Model Setup 'CheckPin:checkPin|SeqDetector:seqdetector|s_cs.NUM7'
Slack : -1.148
TNS   : -7.625

Type  : Slow 1200mV 0C Model Setup 'CheckPin:checkPin|SeqDetector:seqdetector|s_cs.NUM5'
Slack : -1.143
TNS   : -7.485

Type  : Slow 1200mV 0C Model Setup 'CheckPin:checkPin|SeqDetector:seqdetector|s_cs.NUM3'
Slack : -1.062
TNS   : -7.160

Type  : Slow 1200mV 0C Model Setup 'RegisterPin:regPin|SeqDetector:seq_detec|s_cs.NUM7'
Slack : -1.037
TNS   : -7.442

Type  : Slow 1200mV 0C Model Setup 'RegisterPin:regPin|SeqDetector:seq_detec|s_cs.NUM3'
Slack : -0.971
TNS   : -4.559

Type  : Slow 1200mV 0C Model Setup 'RegisterPin:regPin|SeqDetector:seq_detec|s_cs.NUM2'
Slack : -0.970
TNS   : -5.587

Type  : Slow 1200mV 0C Model Setup 'CheckPin:checkPin|SeqDetector:seqdetector|s_cs.NUM4'
Slack : -0.941
TNS   : -6.363

Type  : Slow 1200mV 0C Model Setup 'RegisterPin:regPin|SeqDetector:seq_detec|s_cs.NUM4'
Slack : -0.827
TNS   : -6.282

Type  : Slow 1200mV 0C Model Setup 'CheckPin:checkPin|SeqDetector:seqdetector|s_cs.NUM1'
Slack : -0.803
TNS   : -5.769

Type  : Slow 1200mV 0C Model Setup 'CheckPin:checkPin|SeqDetector:seqdetector|s_cs.NUM2'
Slack : -0.746
TNS   : -5.186

Type  : Slow 1200mV 0C Model Setup 'RegisterPin:regPin|SeqDetector:seq_detec|s_cs.NUM8'
Slack : -0.672
TNS   : -4.724

Type  : Slow 1200mV 0C Model Setup 'RegisterPin:regPin|SeqDetector:seq_detec|s_cs.NUM5'
Slack : -0.569
TNS   : -3.462

Type  : Slow 1200mV 0C Model Setup 'RegisterPin:regPin|SeqDetector:seq_detec|s_cs.NUM1'
Slack : -0.519
TNS   : -3.542

Type  : Slow 1200mV 0C Model Setup 'CheckPin:checkPin|SeqDetector:seqdetector|s_cs.NUM8'
Slack : -0.490
TNS   : -2.359

Type  : Slow 1200mV 0C Model Hold 'RegisterPin:regPin|SeqDetector:seq_detec|s_cs.NUM1'
Slack : -0.084
TNS   : -0.084

Type  : Slow 1200mV 0C Model Hold 'CheckPin:checkPin|SeqDetector:seqdetector|s_cs.NUM8'
Slack : -0.043
TNS   : -0.111

Type  : Slow 1200mV 0C Model Hold 'RegisterPin:regPin|SeqDetector:seq_detec|s_cs.NUM3'
Slack : 0.151
TNS   : 0.000

Type  : Slow 1200mV 0C Model Hold 'RegisterPin:regPin|SeqDetector:seq_detec|s_cs.NUM5'
Slack : 0.151
TNS   : 0.000

Type  : Slow 1200mV 0C Model Hold 'RegisterPin:regPin|SeqDetector:seq_detec|s_cs.NUM7'
Slack : 0.257
TNS   : 0.000

Type  : Slow 1200mV 0C Model Hold 'RegisterPin:regPin|SeqDetector:seq_detec|s_cs.NUM8'
Slack : 0.267
TNS   : 0.000

Type  : Slow 1200mV 0C Model Hold 'CLOCK_50'
Slack : 0.339
TNS   : 0.000

Type  : Slow 1200mV 0C Model Hold 'CheckPin:checkPin|SeqDetector:seqdetector|s_cs.NUM1'
Slack : 0.341
TNS   : 0.000

Type  : Slow 1200mV 0C Model Hold 'CheckPin:checkPin|SeqDetector:seqdetector|s_cs.NUM2'
Slack : 0.370
TNS   : 0.000

Type  : Slow 1200mV 0C Model Hold 'RegisterPin:regPin|SeqDetector:seq_detec|s_cs.NUM2'
Slack : 0.413
TNS   : 0.000

Type  : Slow 1200mV 0C Model Hold 'CheckPin:checkPin|SeqDetector:seqdetector|s_cs.NUM5'
Slack : 0.463
TNS   : 0.000

Type  : Slow 1200mV 0C Model Hold 'RegisterPin:regPin|SeqDetector:seq_detec|s_cs.NUM4'
Slack : 0.483
TNS   : 0.000

Type  : Slow 1200mV 0C Model Hold 'RegisterPin:regPin|SeqDetector:seq_detec|s_cs.NUM6'
Slack : 0.485
TNS   : 0.000

Type  : Slow 1200mV 0C Model Hold 'CheckPin:checkPin|SeqDetector:seqdetector|s_cs.NUM7'
Slack : 0.491
TNS   : 0.000

Type  : Slow 1200mV 0C Model Hold 'CheckPin:checkPin|SeqDetector:seqdetector|s_cs.NUM3'
Slack : 0.503
TNS   : 0.000

Type  : Slow 1200mV 0C Model Hold 'CheckPin:checkPin|SeqDetector:seqdetector|s_cs.NUM4'
Slack : 0.507
TNS   : 0.000

Type  : Slow 1200mV 0C Model Hold 'CheckPin:checkPin|SeqDetector:seqdetector|s_cs.NUM6'
Slack : 0.515
TNS   : 0.000

Type  : Slow 1200mV 0C Model Recovery 'CLOCK_50'
Slack : -1.748
TNS   : -3.496

Type  : Slow 1200mV 0C Model Removal 'CLOCK_50'
Slack : 1.878
TNS   : 0.000

Type  : Slow 1200mV 0C Model Minimum Pulse Width 'CLOCK_50'
Slack : -3.000
TNS   : -924.345

Type  : Slow 1200mV 0C Model Minimum Pulse Width 'RegisterPin:regPin|SeqDetector:seq_detec|s_cs.NUM6'
Slack : 0.347
TNS   : 0.000

Type  : Slow 1200mV 0C Model Minimum Pulse Width 'CheckPin:checkPin|SeqDetector:seqdetector|s_cs.NUM5'
Slack : 0.363
TNS   : 0.000

Type  : Slow 1200mV 0C Model Minimum Pulse Width 'CheckPin:checkPin|SeqDetector:seqdetector|s_cs.NUM3'
Slack : 0.366
TNS   : 0.000

Type  : Slow 1200mV 0C Model Minimum Pulse Width 'RegisterPin:regPin|SeqDetector:seq_detec|s_cs.NUM7'
Slack : 0.368
TNS   : 0.000

Type  : Slow 1200mV 0C Model Minimum Pulse Width 'CheckPin:checkPin|SeqDetector:seqdetector|s_cs.NUM4'
Slack : 0.394
TNS   : 0.000

Type  : Slow 1200mV 0C Model Minimum Pulse Width 'RegisterPin:regPin|SeqDetector:seq_detec|s_cs.NUM4'
Slack : 0.397
TNS   : 0.000

Type  : Slow 1200mV 0C Model Minimum Pulse Width 'CheckPin:checkPin|SeqDetector:seqdetector|s_cs.NUM7'
Slack : 0.409
TNS   : 0.000

Type  : Slow 1200mV 0C Model Minimum Pulse Width 'RegisterPin:regPin|SeqDetector:seq_detec|s_cs.NUM1'
Slack : 0.425
TNS   : 0.000

Type  : Slow 1200mV 0C Model Minimum Pulse Width 'CheckPin:checkPin|SeqDetector:seqdetector|s_cs.NUM8'
Slack : 0.428
TNS   : 0.000

Type  : Slow 1200mV 0C Model Minimum Pulse Width 'CheckPin:checkPin|SeqDetector:seqdetector|s_cs.NUM2'
Slack : 0.429
TNS   : 0.000

Type  : Slow 1200mV 0C Model Minimum Pulse Width 'RegisterPin:regPin|SeqDetector:seq_detec|s_cs.NUM5'
Slack : 0.429
TNS   : 0.000

Type  : Slow 1200mV 0C Model Minimum Pulse Width 'RegisterPin:regPin|SeqDetector:seq_detec|s_cs.NUM2'
Slack : 0.433
TNS   : 0.000

Type  : Slow 1200mV 0C Model Minimum Pulse Width 'RegisterPin:regPin|SeqDetector:seq_detec|s_cs.NUM3'
Slack : 0.435
TNS   : 0.000

Type  : Slow 1200mV 0C Model Minimum Pulse Width 'RegisterPin:regPin|SeqDetector:seq_detec|s_cs.NUM8'
Slack : 0.437
TNS   : 0.000

Type  : Slow 1200mV 0C Model Minimum Pulse Width 'CheckPin:checkPin|SeqDetector:seqdetector|s_cs.NUM1'
Slack : 0.438
TNS   : 0.000

Type  : Slow 1200mV 0C Model Minimum Pulse Width 'CheckPin:checkPin|SeqDetector:seqdetector|s_cs.NUM6'
Slack : 0.438
TNS   : 0.000

Type  : Fast 1200mV 0C Model Setup 'CLOCK_50'
Slack : -3.240
TNS   : -785.710

Type  : Fast 1200mV 0C Model Setup 'CheckPin:checkPin|SeqDetector:seqdetector|s_cs.NUM6'
Slack : -0.383
TNS   : -0.823

Type  : Fast 1200mV 0C Model Setup 'RegisterPin:regPin|SeqDetector:seq_detec|s_cs.NUM6'
Slack : -0.353
TNS   : -1.630

Type  : Fast 1200mV 0C Model Setup 'CheckPin:checkPin|SeqDetector:seqdetector|s_cs.NUM7'
Slack : -0.346
TNS   : -1.468

Type  : Fast 1200mV 0C Model Setup 'CheckPin:checkPin|SeqDetector:seqdetector|s_cs.NUM3'
Slack : -0.313
TNS   : -1.315

Type  : Fast 1200mV 0C Model Setup 'CheckPin:checkPin|SeqDetector:seqdetector|s_cs.NUM5'
Slack : -0.285
TNS   : -1.598

Type  : Fast 1200mV 0C Model Setup 'CheckPin:checkPin|SeqDetector:seqdetector|s_cs.NUM4'
Slack : -0.261
TNS   : -0.890

Type  : Fast 1200mV 0C Model Setup 'RegisterPin:regPin|SeqDetector:seq_detec|s_cs.NUM7'
Slack : -0.216
TNS   : -1.145

Type  : Fast 1200mV 0C Model Setup 'RegisterPin:regPin|SeqDetector:seq_detec|s_cs.NUM2'
Slack : -0.172
TNS   : -0.485

Type  : Fast 1200mV 0C Model Setup 'RegisterPin:regPin|SeqDetector:seq_detec|s_cs.NUM3'
Slack : -0.154
TNS   : -0.154

Type  : Fast 1200mV 0C Model Setup 'CheckPin:checkPin|SeqDetector:seqdetector|s_cs.NUM1'
Slack : -0.139
TNS   : -0.593

Type  : Fast 1200mV 0C Model Setup 'RegisterPin:regPin|SeqDetector:seq_detec|s_cs.NUM4'
Slack : -0.109
TNS   : -0.608

Type  : Fast 1200mV 0C Model Setup 'CheckPin:checkPin|SeqDetector:seqdetector|s_cs.NUM2'
Slack : -0.088
TNS   : -0.333

Type  : Fast 1200mV 0C Model Setup 'RegisterPin:regPin|SeqDetector:seq_detec|s_cs.NUM8'
Slack : -0.041
TNS   : -0.057

Type  : Fast 1200mV 0C Model Setup 'RegisterPin:regPin|SeqDetector:seq_detec|s_cs.NUM5'
Slack : 0.008
TNS   : 0.000

Type  : Fast 1200mV 0C Model Setup 'RegisterPin:regPin|SeqDetector:seq_detec|s_cs.NUM1'
Slack : 0.075
TNS   : 0.000

Type  : Fast 1200mV 0C Model Setup 'CheckPin:checkPin|SeqDetector:seqdetector|s_cs.NUM8'
Slack : 0.094
TNS   : 0.000

Type  : Fast 1200mV 0C Model Hold 'RegisterPin:regPin|SeqDetector:seq_detec|s_cs.NUM1'
Slack : -0.049
TNS   : -0.049

Type  : Fast 1200mV 0C Model Hold 'CheckPin:checkPin|SeqDetector:seqdetector|s_cs.NUM8'
Slack : -0.029
TNS   : -0.058

Type  : Fast 1200mV 0C Model Hold 'RegisterPin:regPin|SeqDetector:seq_detec|s_cs.NUM3'
Slack : 0.074
TNS   : 0.000

Type  : Fast 1200mV 0C Model Hold 'RegisterPin:regPin|SeqDetector:seq_detec|s_cs.NUM5'
Slack : 0.083
TNS   : 0.000

Type  : Fast 1200mV 0C Model Hold 'RegisterPin:regPin|SeqDetector:seq_detec|s_cs.NUM7'
Slack : 0.085
TNS   : 0.000

Type  : Fast 1200mV 0C Model Hold 'RegisterPin:regPin|SeqDetector:seq_detec|s_cs.NUM8'
Slack : 0.153
TNS   : 0.000

Type  : Fast 1200mV 0C Model Hold 'CLOCK_50'
Slack : 0.173
TNS   : 0.000

Type  : Fast 1200mV 0C Model Hold 'CheckPin:checkPin|SeqDetector:seqdetector|s_cs.NUM2'
Slack : 0.214
TNS   : 0.000

Type  : Fast 1200mV 0C Model Hold 'RegisterPin:regPin|SeqDetector:seq_detec|s_cs.NUM4'
Slack : 0.216
TNS   : 0.000

Type  : Fast 1200mV 0C Model Hold 'RegisterPin:regPin|SeqDetector:seq_detec|s_cs.NUM6'
Slack : 0.217
TNS   : 0.000

Type  : Fast 1200mV 0C Model Hold 'CheckPin:checkPin|SeqDetector:seqdetector|s_cs.NUM1'
Slack : 0.219
TNS   : 0.000

Type  : Fast 1200mV 0C Model Hold 'RegisterPin:regPin|SeqDetector:seq_detec|s_cs.NUM2'
Slack : 0.227
TNS   : 0.000

Type  : Fast 1200mV 0C Model Hold 'CheckPin:checkPin|SeqDetector:seqdetector|s_cs.NUM7'
Slack : 0.244
TNS   : 0.000

Type  : Fast 1200mV 0C Model Hold 'CheckPin:checkPin|SeqDetector:seqdetector|s_cs.NUM5'
Slack : 0.246
TNS   : 0.000

Type  : Fast 1200mV 0C Model Hold 'CheckPin:checkPin|SeqDetector:seqdetector|s_cs.NUM3'
Slack : 0.256
TNS   : 0.000

Type  : Fast 1200mV 0C Model Hold 'CheckPin:checkPin|SeqDetector:seqdetector|s_cs.NUM6'
Slack : 0.260
TNS   : 0.000

Type  : Fast 1200mV 0C Model Hold 'CheckPin:checkPin|SeqDetector:seqdetector|s_cs.NUM4'
Slack : 0.266
TNS   : 0.000

Type  : Fast 1200mV 0C Model Recovery 'CLOCK_50'
Slack : -0.489
TNS   : -0.978

Type  : Fast 1200mV 0C Model Removal 'CLOCK_50'
Slack : 1.043
TNS   : 0.000

Type  : Fast 1200mV 0C Model Minimum Pulse Width 'CLOCK_50'
Slack : -3.000
TNS   : -764.332

Type  : Fast 1200mV 0C Model Minimum Pulse Width 'RegisterPin:regPin|SeqDetector:seq_detec|s_cs.NUM7'
Slack : 0.187
TNS   : 0.000

Type  : Fast 1200mV 0C Model Minimum Pulse Width 'RegisterPin:regPin|SeqDetector:seq_detec|s_cs.NUM6'
Slack : 0.207
TNS   : 0.000

Type  : Fast 1200mV 0C Model Minimum Pulse Width 'RegisterPin:regPin|SeqDetector:seq_detec|s_cs.NUM1'
Slack : 0.249
TNS   : 0.000

Type  : Fast 1200mV 0C Model Minimum Pulse Width 'CheckPin:checkPin|SeqDetector:seqdetector|s_cs.NUM8'
Slack : 0.278
TNS   : 0.000

Type  : Fast 1200mV 0C Model Minimum Pulse Width 'RegisterPin:regPin|SeqDetector:seq_detec|s_cs.NUM3'
Slack : 0.280
TNS   : 0.000

Type  : Fast 1200mV 0C Model Minimum Pulse Width 'RegisterPin:regPin|SeqDetector:seq_detec|s_cs.NUM2'
Slack : 0.282
TNS   : 0.000

Type  : Fast 1200mV 0C Model Minimum Pulse Width 'CheckPin:checkPin|SeqDetector:seqdetector|s_cs.NUM4'
Slack : 0.284
TNS   : 0.000

Type  : Fast 1200mV 0C Model Minimum Pulse Width 'CheckPin:checkPin|SeqDetector:seqdetector|s_cs.NUM7'
Slack : 0.285
TNS   : 0.000

Type  : Fast 1200mV 0C Model Minimum Pulse Width 'RegisterPin:regPin|SeqDetector:seq_detec|s_cs.NUM5'
Slack : 0.287
TNS   : 0.000

Type  : Fast 1200mV 0C Model Minimum Pulse Width 'CheckPin:checkPin|SeqDetector:seqdetector|s_cs.NUM2'
Slack : 0.290
TNS   : 0.000

Type  : Fast 1200mV 0C Model Minimum Pulse Width 'CheckPin:checkPin|SeqDetector:seqdetector|s_cs.NUM6'
Slack : 0.292
TNS   : 0.000

Type  : Fast 1200mV 0C Model Minimum Pulse Width 'RegisterPin:regPin|SeqDetector:seq_detec|s_cs.NUM8'
Slack : 0.299
TNS   : 0.000

Type  : Fast 1200mV 0C Model Minimum Pulse Width 'CheckPin:checkPin|SeqDetector:seqdetector|s_cs.NUM3'
Slack : 0.304
TNS   : 0.000

Type  : Fast 1200mV 0C Model Minimum Pulse Width 'CheckPin:checkPin|SeqDetector:seqdetector|s_cs.NUM5'
Slack : 0.304
TNS   : 0.000

Type  : Fast 1200mV 0C Model Minimum Pulse Width 'CheckPin:checkPin|SeqDetector:seqdetector|s_cs.NUM1'
Slack : 0.310
TNS   : 0.000

Type  : Fast 1200mV 0C Model Minimum Pulse Width 'RegisterPin:regPin|SeqDetector:seq_detec|s_cs.NUM4'
Slack : 0.319
TNS   : 0.000

------------------------------------------------------------
