------------------------------------------------------------
TimeQuest Timing Analyzer Summary
------------------------------------------------------------

Type  : Slow 1200mV 85C Model Setup 'CLOCK_50'
Slack : -4.169
TNS   : -66.478

Type  : Slow 1200mV 85C Model Setup 'ClkDividerN:inst2|clkOut'
Slack : -0.947
TNS   : -3.690

Type  : Slow 1200mV 85C Model Hold 'ClkDividerN:inst2|clkOut'
Slack : 0.456
TNS   : 0.000

Type  : Slow 1200mV 85C Model Hold 'CLOCK_50'
Slack : 0.653
TNS   : 0.000

Type  : Slow 1200mV 85C Model Minimum Pulse Width 'CLOCK_50'
Slack : -3.000
TNS   : -44.120

Type  : Slow 1200mV 85C Model Minimum Pulse Width 'ClkDividerN:inst2|clkOut'
Slack : -1.285
TNS   : -10.280

Type  : Slow 1200mV 0C Model Setup 'CLOCK_50'
Slack : -3.751
TNS   : -56.651

Type  : Slow 1200mV 0C Model Setup 'ClkDividerN:inst2|clkOut'
Slack : -0.746
TNS   : -2.562

Type  : Slow 1200mV 0C Model Hold 'ClkDividerN:inst2|clkOut'
Slack : 0.421
TNS   : 0.000

Type  : Slow 1200mV 0C Model Hold 'CLOCK_50'
Slack : 0.598
TNS   : 0.000

Type  : Slow 1200mV 0C Model Minimum Pulse Width 'CLOCK_50'
Slack : -3.000
TNS   : -44.120

Type  : Slow 1200mV 0C Model Minimum Pulse Width 'ClkDividerN:inst2|clkOut'
Slack : -1.285
TNS   : -10.280

Type  : Fast 1200mV 0C Model Setup 'CLOCK_50'
Slack : -1.561
TNS   : -17.024

Type  : Fast 1200mV 0C Model Setup 'ClkDividerN:inst2|clkOut'
Slack : 0.044
TNS   : 0.000

Type  : Fast 1200mV 0C Model Hold 'ClkDividerN:inst2|clkOut'
Slack : 0.200
TNS   : 0.000

Type  : Fast 1200mV 0C Model Hold 'CLOCK_50'
Slack : 0.298
TNS   : 0.000

Type  : Fast 1200mV 0C Model Minimum Pulse Width 'CLOCK_50'
Slack : -3.000
TNS   : -36.984

Type  : Fast 1200mV 0C Model Minimum Pulse Width 'ClkDividerN:inst2|clkOut'
Slack : -1.000
TNS   : -8.000

------------------------------------------------------------
